// Jest Snapshot v1, https://goo.gl/fbAQLP

exports[`MovieList Should MovieList render correctly 1`] = `
<div
  className="catalog__movies-list"
>
  <article
    className="small-movie-card catalog__movies-card"
  >
    <a
      className="small-movie-card__link"
      href="/films/1"
      onClick={[Function]}
    >
      <div
        className="small-movie-card__image"
        onMouseEnter={[Function]}
        onMouseLeave={[Function]}
      >
        <video
          className="player__video"
          height="175"
          muted={true}
          poster="https://assets.htmlacademy.ru/intensives/javascript-3/film/poster/bronson.jpg"
          src="http://media.xiph.org/mango/tears_of_steel_1080p.webm"
          width="280"
        />
      </div>
      <h3
        className="small-movie-card__title"
      >
        <span
          className="small-movie-card__link"
        >
          Bronson
        </span>
      </h3>
    </a>
  </article>
  <article
    className="small-movie-card catalog__movies-card"
  >
    <a
      className="small-movie-card__link"
      href="/films/1"
      onClick={[Function]}
    >
      <div
        className="small-movie-card__image"
        onMouseEnter={[Function]}
        onMouseLeave={[Function]}
      >
        <video
          className="player__video"
          height="175"
          muted={true}
          poster="https://assets.htmlacademy.ru/intensives/javascript-3/film/poster/bronson.jpg"
          src="http://media.xiph.org/mango/tears_of_steel_1080p.webm"
          width="280"
        />
      </div>
      <h3
        className="small-movie-card__title"
      >
        <span
          className="small-movie-card__link"
        >
          Bronson
        </span>
      </h3>
    </a>
  </article>
  <article
    className="small-movie-card catalog__movies-card"
  >
    <a
      className="small-movie-card__link"
      href="/films/1"
      onClick={[Function]}
    >
      <div
        className="small-movie-card__image"
        onMouseEnter={[Function]}
        onMouseLeave={[Function]}
      >
        <video
          className="player__video"
          height="175"
          muted={true}
          poster="https://assets.htmlacademy.ru/intensives/javascript-3/film/poster/bronson.jpg"
          src="http://media.xiph.org/mango/tears_of_steel_1080p.webm"
          width="280"
        />
      </div>
      <h3
        className="small-movie-card__title"
      >
        <span
          className="small-movie-card__link"
        >
          Bronson
        </span>
      </h3>
    </a>
  </article>
  <article
    className="small-movie-card catalog__movies-card"
  >
    <a
      className="small-movie-card__link"
      href="/films/1"
      onClick={[Function]}
    >
      <div
        className="small-movie-card__image"
        onMouseEnter={[Function]}
        onMouseLeave={[Function]}
      >
        <video
          className="player__video"
          height="175"
          muted={true}
          poster="https://assets.htmlacademy.ru/intensives/javascript-3/film/poster/bronson.jpg"
          src="http://media.xiph.org/mango/tears_of_steel_1080p.webm"
          width="280"
        />
      </div>
      <h3
        className="small-movie-card__title"
      >
        <span
          className="small-movie-card__link"
        >
          Bronson
        </span>
      </h3>
    </a>
  </article>
  <article
    className="small-movie-card catalog__movies-card"
  >
    <a
      className="small-movie-card__link"
      href="/films/1"
      onClick={[Function]}
    >
      <div
        className="small-movie-card__image"
        onMouseEnter={[Function]}
        onMouseLeave={[Function]}
      >
        <video
          className="player__video"
          height="175"
          muted={true}
          poster="https://assets.htmlacademy.ru/intensives/javascript-3/film/poster/bronson.jpg"
          src="http://media.xiph.org/mango/tears_of_steel_1080p.webm"
          width="280"
        />
      </div>
      <h3
        className="small-movie-card__title"
      >
        <span
          className="small-movie-card__link"
        >
          Bronson
        </span>
      </h3>
    </a>
  </article>
</div>
`;
