// Jest Snapshot v1, https://goo.gl/fbAQLP

exports[`Video is rendered correctly 1`] = `
<div
  className="small-movie-card__image"
  onMouseEnter={[Function]}
  onMouseLeave={[Function]}
>
  <video
    className="player__video"
    height="175"
    muted={true}
    poster="https://assets.htmlacademy.ru/intensives/javascript-3/film/poster/bronson.jpg"
    src="http://media.xiph.org/mango/tears_of_steel_1080p.webm"
    width="280"
  />
</div>
`;
