// Jest Snapshot v1, https://goo.gl/fbAQLP

exports[`ShowMore is rendered correctly 1`] = `null`;
