// Jest Snapshot v1, https://goo.gl/fbAQLP

exports[`User Should App render correctly 1`] = `
Array [
  <div
    className="user-block"
  >
    <a
      href="/mylist"
      onClick={[Function]}
    >
      <div
        className="user-block__avatar"
      >
        <img
          alt="User avatar"
          height="63"
          src="https://assets.htmlacademy.ru/intensives/javascript-3/avatar/9.jpg"
          width="63"
        />
      </div>
    </a>
  </div>,
  ",",
]
`;
